// Jest Snapshot v1, https://goo.gl/fbAQLP

exports[`views/PortfolioPanel should match the snapshot 1`] = `
ShallowWrapper {
  "length": 1,
  Symbol(enzyme.__root__): [Circular],
  Symbol(enzyme.__unrendered__): <PortfolioPanel />,
  Symbol(enzyme.__renderer__): Object {
    "batchedUpdates": [Function],
    "getNode": [Function],
    "render": [Function],
    "simulateEvent": [Function],
    "unmount": [Function],
  },
  Symbol(enzyme.__node__): Object {
    "instance": null,
    "key": undefined,
    "nodeType": "class",
    "props": Object {
      "children": <PortfolioBox
        projectData={
          Object {
            "projects": Array [
              Object {
                "description": "This project is all about how to do this in react",
                "github": "https://github.com/isabellewis/isabellewis",
                "livewebsite": "https://github.com/isabellewis/isabellewis",
                "name": "0 First react project",
                "technologies": "HTML, CSS, JavaScript, Webpack",
              },
              Object {
                "description": "This project is using web fundamentals to build something cool",
                "github": "https://github.com/isabellewis/isabellewis",
                "livewebsite": "https://github.com/isabellewis/isabellewis",
                "name": "1 Second project",
                "technologies": "HTML, CSS, JavaScript",
              },
              Object {
                "description": "Descriptions will go here",
                "github": "https://github.com/isabellewis/isabellewis",
                "livewebsite": "https://github.com/isabellewis/isabellewis",
                "name": "2 Third project",
                "technologies": "HTML, CSS, JavaScript, Webpack",
              },
              Object {
                "description": "Descriptions will go here",
                "github": "https://github.com/isabellewis/isabellewis",
                "livewebsite": "https://github.com/isabellewis/isabellewis",
                "name": "3 Fourth project here",
                "technologies": "HTML, CSS, JavaScript, Webpack",
              },
              Object {
                "description": "Descriptions will go here",
                "github": "https://github.com/isabellewis/isabellewis",
                "livewebsite": "https://github.com/isabellewis/isabellewis",
                "name": "4 The fifth and final project",
                "technologies": "HTML, CSS, JavaScript, Webpack",
              },
            ],
          }
        }
      />,
      "id": "portfolioPanel",
    },
    "ref": null,
    "rendered": Object {
      "instance": null,
      "key": undefined,
      "nodeType": "class",
      "props": Object {
        "projectData": Object {
          "projects": Array [
            Object {
              "description": "This project is all about how to do this in react",
              "github": "https://github.com/isabellewis/isabellewis",
              "livewebsite": "https://github.com/isabellewis/isabellewis",
              "name": "0 First react project",
              "technologies": "HTML, CSS, JavaScript, Webpack",
            },
            Object {
              "description": "This project is using web fundamentals to build something cool",
              "github": "https://github.com/isabellewis/isabellewis",
              "livewebsite": "https://github.com/isabellewis/isabellewis",
              "name": "1 Second project",
              "technologies": "HTML, CSS, JavaScript",
            },
            Object {
              "description": "Descriptions will go here",
              "github": "https://github.com/isabellewis/isabellewis",
              "livewebsite": "https://github.com/isabellewis/isabellewis",
              "name": "2 Third project",
              "technologies": "HTML, CSS, JavaScript, Webpack",
            },
            Object {
              "description": "Descriptions will go here",
              "github": "https://github.com/isabellewis/isabellewis",
              "livewebsite": "https://github.com/isabellewis/isabellewis",
              "name": "3 Fourth project here",
              "technologies": "HTML, CSS, JavaScript, Webpack",
            },
            Object {
              "description": "Descriptions will go here",
              "github": "https://github.com/isabellewis/isabellewis",
              "livewebsite": "https://github.com/isabellewis/isabellewis",
              "name": "4 The fifth and final project",
              "technologies": "HTML, CSS, JavaScript, Webpack",
            },
          ],
        },
      },
      "ref": null,
      "rendered": null,
      "type": [Function],
    },
    "type": [Function],
  },
  Symbol(enzyme.__nodes__): Array [
    Object {
      "instance": null,
      "key": undefined,
      "nodeType": "class",
      "props": Object {
        "children": <PortfolioBox
          projectData={
            Object {
              "projects": Array [
                Object {
                  "description": "This project is all about how to do this in react",
                  "github": "https://github.com/isabellewis/isabellewis",
                  "livewebsite": "https://github.com/isabellewis/isabellewis",
                  "name": "0 First react project",
                  "technologies": "HTML, CSS, JavaScript, Webpack",
                },
                Object {
                  "description": "This project is using web fundamentals to build something cool",
                  "github": "https://github.com/isabellewis/isabellewis",
                  "livewebsite": "https://github.com/isabellewis/isabellewis",
                  "name": "1 Second project",
                  "technologies": "HTML, CSS, JavaScript",
                },
                Object {
                  "description": "Descriptions will go here",
                  "github": "https://github.com/isabellewis/isabellewis",
                  "livewebsite": "https://github.com/isabellewis/isabellewis",
                  "name": "2 Third project",
                  "technologies": "HTML, CSS, JavaScript, Webpack",
                },
                Object {
                  "description": "Descriptions will go here",
                  "github": "https://github.com/isabellewis/isabellewis",
                  "livewebsite": "https://github.com/isabellewis/isabellewis",
                  "name": "3 Fourth project here",
                  "technologies": "HTML, CSS, JavaScript, Webpack",
                },
                Object {
                  "description": "Descriptions will go here",
                  "github": "https://github.com/isabellewis/isabellewis",
                  "livewebsite": "https://github.com/isabellewis/isabellewis",
                  "name": "4 The fifth and final project",
                  "technologies": "HTML, CSS, JavaScript, Webpack",
                },
              ],
            }
          }
        />,
        "id": "portfolioPanel",
      },
      "ref": null,
      "rendered": Object {
        "instance": null,
        "key": undefined,
        "nodeType": "class",
        "props": Object {
          "projectData": Object {
            "projects": Array [
              Object {
                "description": "This project is all about how to do this in react",
                "github": "https://github.com/isabellewis/isabellewis",
                "livewebsite": "https://github.com/isabellewis/isabellewis",
                "name": "0 First react project",
                "technologies": "HTML, CSS, JavaScript, Webpack",
              },
              Object {
                "description": "This project is using web fundamentals to build something cool",
                "github": "https://github.com/isabellewis/isabellewis",
                "livewebsite": "https://github.com/isabellewis/isabellewis",
                "name": "1 Second project",
                "technologies": "HTML, CSS, JavaScript",
              },
              Object {
                "description": "Descriptions will go here",
                "github": "https://github.com/isabellewis/isabellewis",
                "livewebsite": "https://github.com/isabellewis/isabellewis",
                "name": "2 Third project",
                "technologies": "HTML, CSS, JavaScript, Webpack",
              },
              Object {
                "description": "Descriptions will go here",
                "github": "https://github.com/isabellewis/isabellewis",
                "livewebsite": "https://github.com/isabellewis/isabellewis",
                "name": "3 Fourth project here",
                "technologies": "HTML, CSS, JavaScript, Webpack",
              },
              Object {
                "description": "Descriptions will go here",
                "github": "https://github.com/isabellewis/isabellewis",
                "livewebsite": "https://github.com/isabellewis/isabellewis",
                "name": "4 The fifth and final project",
                "technologies": "HTML, CSS, JavaScript, Webpack",
              },
            ],
          },
        },
        "ref": null,
        "rendered": null,
        "type": [Function],
      },
      "type": [Function],
    },
  ],
  Symbol(enzyme.__options__): Object {
    "adapter": ReactSixteenAdapter {
      "options": Object {
        "enableComponentDidUpdateOnSetState": true,
      },
    },
  },
}
`;
