// Jest Snapshot v1, https://goo.gl/fbAQLP

exports[`Menu should match the snapshot 1`] = `
ShallowWrapper {
  Symbol(enzyme.__root__): [Circular],
  Symbol(enzyme.__unrendered__): <Menu
    title="Menu test text"
  />,
  Symbol(enzyme.__renderer__): Object {
    "batchedUpdates": [Function],
    "getNode": [Function],
    "render": [Function],
    "simulateError": [Function],
    "simulateEvent": [Function],
    "unmount": [Function],
  },
  Symbol(enzyme.__node__): Object {
    "instance": null,
    "key": undefined,
    "nodeType": "function",
    "props": Object {
      "children": Array [
        <ForwardRef
          className="material-icons close"
          onClick={[Function]}
        >
          
        </ForwardRef>,
        <ForwardRef
          className="inactive"
          onClick={[Function]}
        >
          <MenuItem
            menuItemLocation="heroPanel"
            menuItemText="home"
          />
          <MenuItem
            menuItemLocation="aboutPanel"
            menuItemText="about"
          />
        </ForwardRef>,
        <ForwardRef
          className="material-icons menu"
          onClick={[Function]}
        >
          menu
        </ForwardRef>,
        <SocialMedia
          theme="mainMenu"
        />,
      ],
    },
    "ref": null,
    "rendered": Array [
      Object {
        "instance": null,
        "key": undefined,
        "nodeType": "function",
        "props": Object {
          "children": "",
          "className": "material-icons close",
          "onClick": [Function],
        },
        "ref": null,
        "rendered": "",
        "type": Object {
          "$$typeof": Symbol(react.forward_ref),
          "attrs": undefined,
          "componentStyle": ComponentStyle {
            "componentId": "Menustyle__MenuToggleIcon-guVoPz",
            "isStatic": true,
            "rules": Array [
              "cursor:pointer;display:inline-block;vertical-align:middle;@media (min-width:576px){display:none;}",
            ],
          },
          "displayName": "Menustyle__MenuToggleIcon",
          "render": [Function],
          "styledComponentId": "Menustyle__MenuToggleIcon-guVoPz",
          "target": "i",
          "toString": [Function],
          "warnTooManyClasses": [Function],
          "withComponent": [Function],
        },
      },
      Object {
        "instance": null,
        "key": undefined,
        "nodeType": "function",
        "props": Object {
          "children": Array [
            <MenuItem
              menuItemLocation="heroPanel"
              menuItemText="home"
            />,
            <MenuItem
              menuItemLocation="aboutPanel"
              menuItemText="about"
            />,
          ],
          "className": "inactive",
          "onClick": [Function],
        },
        "ref": null,
        "rendered": Array [
          Object {
            "instance": null,
            "key": undefined,
            "nodeType": "class",
            "props": Object {
              "menuItemLocation": "heroPanel",
              "menuItemText": "home",
            },
            "ref": null,
            "rendered": null,
            "type": [Function],
          },
          Object {
            "instance": null,
            "key": undefined,
            "nodeType": "class",
            "props": Object {
              "menuItemLocation": "aboutPanel",
              "menuItemText": "about",
            },
            "ref": null,
            "rendered": null,
            "type": [Function],
          },
        ],
        "type": Object {
          "$$typeof": Symbol(react.forward_ref),
          "attrs": undefined,
          "componentStyle": ComponentStyle {
            "componentId": "Menustyle__MenuList-hTtCcN",
            "isStatic": true,
            "rules": Array [
              "display:inline-block;margin:0 0 0 auto;padding:0;vertical-align:middle;white-space:nowrap;&.active{display:block;overflow:hidden;@media (min-width:576px){display:inline-block;}}&.inactive{display:none;@media (min-width:576px){display:inline-block;}}",
            ],
          },
          "displayName": "Menustyle__MenuList",
          "render": [Function],
          "styledComponentId": "Menustyle__MenuList-hTtCcN",
          "target": "ul",
          "toString": [Function],
          "warnTooManyClasses": [Function],
          "withComponent": [Function],
        },
      },
      Object {
        "instance": null,
        "key": undefined,
        "nodeType": "function",
        "props": Object {
          "children": "menu",
          "className": "material-icons menu",
          "onClick": [Function],
        },
        "ref": null,
        "rendered": "menu",
        "type": Object {
          "$$typeof": Symbol(react.forward_ref),
          "attrs": undefined,
          "componentStyle": ComponentStyle {
            "componentId": "Menustyle__MenuToggleIcon-guVoPz",
            "isStatic": true,
            "rules": Array [
              "cursor:pointer;display:inline-block;vertical-align:middle;@media (min-width:576px){display:none;}",
            ],
          },
          "displayName": "Menustyle__MenuToggleIcon",
          "render": [Function],
          "styledComponentId": "Menustyle__MenuToggleIcon-guVoPz",
          "target": "i",
          "toString": [Function],
          "warnTooManyClasses": [Function],
          "withComponent": [Function],
        },
      },
      Object {
        "instance": null,
        "key": undefined,
        "nodeType": "function",
        "props": Object {
          "theme": "mainMenu",
        },
        "ref": null,
        "rendered": null,
        "type": [Function],
      },
    ],
    "type": Object {
      "$$typeof": Symbol(react.forward_ref),
      "attrs": undefined,
      "componentStyle": ComponentStyle {
        "componentId": "Menustyle__MenuListWrapper-bZesvT",
        "isStatic": true,
        "rules": Array [
          "text-align:right;@media (min-width:576px){text-align:left;}",
        ],
      },
      "displayName": "Menustyle__MenuListWrapper",
      "render": [Function],
      "styledComponentId": "Menustyle__MenuListWrapper-bZesvT",
      "target": "div",
      "toString": [Function],
      "warnTooManyClasses": [Function],
      "withComponent": [Function],
    },
  },
  Symbol(enzyme.__nodes__): Array [
    Object {
      "instance": null,
      "key": undefined,
      "nodeType": "function",
      "props": Object {
        "children": Array [
          <ForwardRef
            className="material-icons close"
            onClick={[Function]}
          >
            
          </ForwardRef>,
          <ForwardRef
            className="inactive"
            onClick={[Function]}
          >
            <MenuItem
              menuItemLocation="heroPanel"
              menuItemText="home"
            />
            <MenuItem
              menuItemLocation="aboutPanel"
              menuItemText="about"
            />
          </ForwardRef>,
          <ForwardRef
            className="material-icons menu"
            onClick={[Function]}
          >
            menu
          </ForwardRef>,
          <SocialMedia
            theme="mainMenu"
          />,
        ],
      },
      "ref": null,
      "rendered": Array [
        Object {
          "instance": null,
          "key": undefined,
          "nodeType": "function",
          "props": Object {
            "children": "",
            "className": "material-icons close",
            "onClick": [Function],
          },
          "ref": null,
          "rendered": "",
          "type": Object {
            "$$typeof": Symbol(react.forward_ref),
            "attrs": undefined,
            "componentStyle": ComponentStyle {
              "componentId": "Menustyle__MenuToggleIcon-guVoPz",
              "isStatic": true,
              "rules": Array [
                "cursor:pointer;display:inline-block;vertical-align:middle;@media (min-width:576px){display:none;}",
              ],
            },
            "displayName": "Menustyle__MenuToggleIcon",
            "render": [Function],
            "styledComponentId": "Menustyle__MenuToggleIcon-guVoPz",
            "target": "i",
            "toString": [Function],
            "warnTooManyClasses": [Function],
            "withComponent": [Function],
          },
        },
        Object {
          "instance": null,
          "key": undefined,
          "nodeType": "function",
          "props": Object {
            "children": Array [
              <MenuItem
                menuItemLocation="heroPanel"
                menuItemText="home"
              />,
              <MenuItem
                menuItemLocation="aboutPanel"
                menuItemText="about"
              />,
            ],
            "className": "inactive",
            "onClick": [Function],
          },
          "ref": null,
          "rendered": Array [
            Object {
              "instance": null,
              "key": undefined,
              "nodeType": "class",
              "props": Object {
                "menuItemLocation": "heroPanel",
                "menuItemText": "home",
              },
              "ref": null,
              "rendered": null,
              "type": [Function],
            },
            Object {
              "instance": null,
              "key": undefined,
              "nodeType": "class",
              "props": Object {
                "menuItemLocation": "aboutPanel",
                "menuItemText": "about",
              },
              "ref": null,
              "rendered": null,
              "type": [Function],
            },
          ],
          "type": Object {
            "$$typeof": Symbol(react.forward_ref),
            "attrs": undefined,
            "componentStyle": ComponentStyle {
              "componentId": "Menustyle__MenuList-hTtCcN",
              "isStatic": true,
              "rules": Array [
                "display:inline-block;margin:0 0 0 auto;padding:0;vertical-align:middle;white-space:nowrap;&.active{display:block;overflow:hidden;@media (min-width:576px){display:inline-block;}}&.inactive{display:none;@media (min-width:576px){display:inline-block;}}",
              ],
            },
            "displayName": "Menustyle__MenuList",
            "render": [Function],
            "styledComponentId": "Menustyle__MenuList-hTtCcN",
            "target": "ul",
            "toString": [Function],
            "warnTooManyClasses": [Function],
            "withComponent": [Function],
          },
        },
        Object {
          "instance": null,
          "key": undefined,
          "nodeType": "function",
          "props": Object {
            "children": "menu",
            "className": "material-icons menu",
            "onClick": [Function],
          },
          "ref": null,
          "rendered": "menu",
          "type": Object {
            "$$typeof": Symbol(react.forward_ref),
            "attrs": undefined,
            "componentStyle": ComponentStyle {
              "componentId": "Menustyle__MenuToggleIcon-guVoPz",
              "isStatic": true,
              "rules": Array [
                "cursor:pointer;display:inline-block;vertical-align:middle;@media (min-width:576px){display:none;}",
              ],
            },
            "displayName": "Menustyle__MenuToggleIcon",
            "render": [Function],
            "styledComponentId": "Menustyle__MenuToggleIcon-guVoPz",
            "target": "i",
            "toString": [Function],
            "warnTooManyClasses": [Function],
            "withComponent": [Function],
          },
        },
        Object {
          "instance": null,
          "key": undefined,
          "nodeType": "function",
          "props": Object {
            "theme": "mainMenu",
          },
          "ref": null,
          "rendered": null,
          "type": [Function],
        },
      ],
      "type": Object {
        "$$typeof": Symbol(react.forward_ref),
        "attrs": undefined,
        "componentStyle": ComponentStyle {
          "componentId": "Menustyle__MenuListWrapper-bZesvT",
          "isStatic": true,
          "rules": Array [
            "text-align:right;@media (min-width:576px){text-align:left;}",
          ],
        },
        "displayName": "Menustyle__MenuListWrapper",
        "render": [Function],
        "styledComponentId": "Menustyle__MenuListWrapper-bZesvT",
        "target": "div",
        "toString": [Function],
        "warnTooManyClasses": [Function],
        "withComponent": [Function],
      },
    },
  ],
  Symbol(enzyme.__options__): Object {
    "adapter": ReactSixteenAdapter {
      "options": Object {
        "enableComponentDidUpdateOnSetState": true,
        "lifecycles": Object {
          "componentDidUpdate": Object {
            "onSetState": true,
          },
          "getDerivedStateFromProps": true,
          "getSnapshotBeforeUpdate": true,
          "setState": Object {
            "skipsComponentDidUpdateOnNullish": true,
          },
        },
      },
    },
  },
}
`;
